[Test case 1 ]
Test By: thanaporn
Input: x=4, y=8
Expected result: 32
Actual Result: 32
Status: Pass
Execution Time: 36 ms
start = 1709110593859
finish = 1709110593895
===============================
[Test case 2 ]
Test By: thanaporn
Input: x=7, y=10
Expected result: 70
Actual Result: 70
Status: Pass
Execution Time: 0 ms
start = 1709110593903
finish = 1709110593903
===============================
[Test case 3 ]
Test By: thanaporn
Input: x=6, y=8
Expected result: 48
Actual Result: 48
Status: Pass
Execution Time: 0 ms
start = 1709110593904
finish = 1709110593904
===============================
[Test case 4 ]
Test By: thanaporn
Input: x=9, y=12
Expected result: 108
Actual Result: 108
Status: Pass
Execution Time: 0 ms
start = 1709110593904
finish = 1709110593904
===============================
[Test case 5 ]
Test By: thanaporn
Input: x=10, y=10
Expected result: 100
Actual Result: 100
Status: Pass
Execution Time: 1 ms
start = 1709110593905
finish = 1709110593906
===============================
[Test case 6 ]
Test By: thanaporn
Input: x=10, y=12
Expected result: 120
Actual Result: 120
Status: Pass
Execution Time: 0 ms
start = 1709110593906
finish = 1709110593906
===============================
[Test case 7 ]
Test By: thanaporn
Input: x=11, y=10
Expected result: -1
Actual Result: -1
Status: Pass
Execution Time: 0 ms
start = 1709110593907
finish = 1709110593907
===============================
[Test case 8 ]
Test By: thanaporn
Input: x=8, y=13
Expected result: -1
Actual Result: -1
Status: Pass
Execution Time: 0 ms
start = 1709110593908
finish = 1709110593908
===============================
[Test case 9 ]
Test By: thanaporn
Input: x=3, y=10
Expected result: -1
Actual Result: -1
Status: Pass
Execution Time: 0 ms
start = 1709110593908
finish = 1709110593908
===============================
[Test case 10 ]
Test By: thanaporn
Input: x=5, y=7
Expected result: -1
Actual Result: -1
Status: Pass
Execution Time: 0 ms
start = 1709110593908
finish = 1709110593908
===============================

Total Pass: 10
Total Not Pass: 0
===============================